[www.essarexports.com/index.html]
[backblue.gif]
[fade.gif]
[index.html]
[catalog.wlimg.com/main-common/catalog_common.css]
[catalog.wlimg.com/templates-images/12446/12447/catalog.css]
[catalog.wlimg.com/templates-images/12446/12447/meanmenu.min.css]
[catalog.wlimg.com/templates-images/12446/12447/responsive.css]
[catalog.wlimg.com/templates-images/12446/12447/mobile.css]
[catalog.wlimg.com/main-common/bizcatglog-js.js]
[code.jquery.com/jquery-1.8.3.min.js]
[catalog.wlimg.com/main-common/country_list.js]
[catalog.wlimg.com/main-common/common-static-form_new.js]
[catalog.wlimg.com/main-common/swfobject-new.js]
[catalog.wlimg.com/jquery-date-picker/jquery-ui.min.js]
[catalog.wlimg.com/main-common/resp_common.js]
[catalog.wlimg.com/main-common/Modernizr2.7.1.js]
[catalog.wlimg.com/templates-images/12446/common/ddsmoothmenu.js]
[catalog.wlimg.com/templates-images/12446/common/fluid_dg.min.js]
[catalog.wlimg.com/templates-images/12446/common/jquery.bxslider.min.js]
[catalog.wlimg.com/templates-images/12446/common/jquery.DG_Slider.min.js]
[catalog.wlimg.com/templates-images/12446/common/jquery.meanmenu.min.js]
[catalog.wlimg.com/templates-images/12446/common/jquery.zoom-min.js]
[catalog.wlimg.com/templates-images/12446/common/lt.ie8.js]
[catalog.wlimg.com/templates-images/12446/common/12446.js]
[catalog.wlimg.com/catalog-image-jquery/jquery.fancybox.min.js]
[catalog.wlimg.com/main-common/jquery.photo.gallery.js]
[catalog.wlimg.com/main-common/jquery.paging.photo.gallery.js]
[catalog.wlimg.com/1/248524/other-images/12446-comp-image.png]
[www.essarexports.com/company-profile.html]
[www.essarexports.com/products.html]
[www.essarexports.com/contact-us.html]
[www.essarexports.com/business-enquiry.html]
[www.essarexports.com/flipbook.html]
[catalog.wlimg.com/templates-images/12446/12447/spacer.png]
[catalog.wlimg.com/flags/en-24x16.png]
[catalog.wlimg.com/flags/fr-24x16.png]
[catalog.wlimg.com/flags/de-24x16.png]
[catalog.wlimg.com/flags/it-24x16.png]
[catalog.wlimg.com/flags/pt-24x16.png]
[catalog.wlimg.com/flags/es-24x16.png]
[translate.google.com/translate_a/elementa0d8.js]
[www.essarexports.com/banana.html]
[2.wlimg.com/product_images/bc-small/2022/8/248524/watermark/banana-1488346.jpg]
[www.essarexports.com/grapes.html]
[2.wlimg.com/product_images/bc-small/2022/8/248524/watermark/grapes-1488347.jpg]
[www.essarexports.com/pomegranate.html]
[2.wlimg.com/product_images/bc-small/2022/8/248524/watermark/pomegranate-1488348.jpg]
[www.essarexports.com/frozen-vegetables.html]
[2.wlimg.com/product_images/bc-small/2022/8/248524/watermark/frozen-vegetables-1488357.jpg]
[www.essarexports.com/potato.html]
[2.wlimg.com/product_images/bc-small/2022/8/248524/watermark/potato-1488354.jpg]
[www.essarexports.com/parwal.html]
[2.wlimg.com/product_images/bc-small/2022/8/248524/watermark/parwal-1488355.jpg]
[www.essarexports.com/fresh-fruits.html]
[www.essarexports.com/mango.html]
[www.essarexports.com/fresh-vegetables.html]
[www.essarexports.com/red-onions.html]
[www.essarexports.com/tindora.html]
[www.essarexports.com/leafy-vegetables.html]
[www.essarexports.com/thanks.html]
[www.essarexports.com/advantages-of-our-packaging.html]
[www.essarexports.com/testimonials.html]
[www.essarexports.com/sitemap.html]
[www.essarexports.com/products-2.html]
[catalog.wlimg.com/templates-images/12446/common/rss_icon.png]
[www.essarexports.com/index.html]
[www.essarexports.com/hitcounter/index54bc.html]
[cdnjs.cloudflare.com/ajax/libs/font-awesome/4.7.0/css/font-awesome.min.css]
[catalog.wlimg.com/main-common/zoom.png]
[catalog.wlimg.com/main-common/images/whatsapp.png]
[catalog.wlimg.com/main-common/images/close-icon.png]
[catalog.wlimg.com/jquery-date-picker/images/ui-bg_diagonals-thick_20_666666_40x40.png]
[catalog.wlimg.com/main-common/catalog_common.css]
[catalog.wlimg.com/templates-images/12446/12447/common_x_bgs_50px.png]
[catalog.wlimg.com/templates-images/12446/12447/sprites_image.png]
[catalog.wlimg.com/templates-images/12446/12447/iconCon.png]
[catalog.wlimg.com/templates-images/12446/12447/contact_image2.png]
[catalog.wlimg.com/templates-images/12446/12447/contact_image4.png]
[catalog.wlimg.com/templates-images/12446/12447/contact_image5.png]
[catalog.wlimg.com/templates-images/12446/12447/close.png]
[catalog.wlimg.com/templates-images/12446/12447/sitemap_home.png]
[catalog.wlimg.com/templates-images/12446/12447/zoom_bg.png]
[catalog.wlimg.com/templates-images/12446/12447/sprite_icons.png]
[catalog.wlimg.com/templates-images/12446/12447/detailed_view_icon.png]
[catalog.wlimg.com/templates-images/12446/12447/grid_view_icon.png]
[catalog.wlimg.com/templates-images/12446/12447/loading.gif]
[catalog.wlimg.com/templates-images/12446/12447/fluid_dg-loader.gif]
[catalog.wlimg.com/templates-images/12446/12447/fluid_dg_skins.png]
[catalog.wlimg.com/templates-images/12446/12447/bx_loader.gif]
[catalog.wlimg.com/templates-images/12446/12447/controls.png]
[catalog.wlimg.com/templates-images/12446/12447/controls1.png]
[catalog.wlimg.com/templates-images/12446/12447/sprite-icon-rei.png]
[catalog.wlimg.com/templates-images/12446/12447/catalog.css]
[catalog.wlimg.com/templates-images/12446/12447/meanmenu.min.css]
[catalog.wlimg.com/templates-images/12446/12447/responsive.css]
[catalog.wlimg.com/templates-images/12446/12447/mobile.css]
[www.essarexports.com/hitcounter/index2d71.html]
[www.essarexports.com/company-profile.html]
[catalog.wlimg.com/1/248524/small-images/watermark/737632.jpg]
[www.essarexports.com/coconut.html]
[catalog.wlimg.com/1/248524/full-images/737633.jpg]
[catalog.wlimg.com/1/248524/small-images/watermark/fresh-vegetables-737633.jpg]
[2.wlimg.com/product_images/bc-full/2022/8/248524/watermark/leafy-vegetables-1488352.jpg]
[2.wlimg.com/product_images/bc-small/2022/8/248524/watermark/leafy-vegetables-1488352.jpg]
[2.wlimg.com/product_images/bc-full/2022/8/248524/watermark/frozen-vegetables-1488357.jpg]
[www.essarexports.com/products.html]
[dyimg77.exportersindia.com/qrcode/248524.png]
[catalog.wlimg.com/main-common/qr_code.png]
[catalog.wlimg.com/main-common/img_how_qr_code_scan_works.png]
[www.essarexports.com/contact-us.html]
[www.essarexports.com/business-enquiry.html]
[maxcdn.bootstrapcdn.com/font-awesome/4.3.0/css/font-awesome.min.css]
[catalog.wlimg.com/flipbook/minicolors/minicolors.css]
[catalog.wlimg.com/flipbook/scripts/jquery-1.10.2.min.js]
[catalog.wlimg.com/flipbook/scripts/turn.min.js]
[catalog.wlimg.com/flipbook/scripts/jquery.minicolors.js]
[catalog.wlimg.com/flipbook/scripts/jquery.book.min.js]
[catalog.wlimg.com/flipbook/scripts/jquery.theme.colors.js]
[catalog.wlimg.com/1/248524/flipbook/663403/flip-body-bg-274.jpg]
[catalog.wlimg.com/1/248524/flipbook/663403/large/flip-6043.jpg]
[catalog.wlimg.com/1/248524/flipbook/663403/large/flip-6044.jpg]
[catalog.wlimg.com/1/248524/flipbook/663403/large/flip-6045.jpg]
[catalog.wlimg.com/1/248524/flipbook/663403/large/flip-6046.jpg]
[catalog.wlimg.com/1/248524/flipbook/663403/large/flip-6047.jpg]
[catalog.wlimg.com/1/248524/flipbook/663403/large/flip-6048.jpg]
[catalog.wlimg.com/1/248524/flipbook/663403/large/flip-6049.jpg]
[catalog.wlimg.com/1/248524/flipbook/663403/large/flip-6050.jpg]
[www.essarexports.com/flip-pdf-274.html]
[www.essarexports.com/flipbook.html]
[catalog.wlimg.com/main-common/magiczoomplus.css]
[catalog.wlimg.com/main-common/magiczoomplus.js]
[2.wlimg.com/product_images/bc-full/2022/8/248524/watermark/banana-1488346.jpg]
[www.essarexports.com/enquiry-form-10019e8a2.html]
[catalog.wlimg.com/main-common/jquery.dynamicmaxheight.min.js]
[catalog.wlimg.com/main-common/intlTelInput.js]
[catalog.wlimg.com/main-common/intlTelInput.css]
[2.wlimg.com/product_images/bc-small/2022/8/248524/watermark/coconut-1488349.jpg]
[2.wlimg.com/product_images/bc-small/2022/8/248524/watermark/mango-1488351.jpg]
[2.wlimg.com/product_images/bc-small/2022/8/248524/watermark/red-onions-1488353.jpg]
[www.essarexports.com/banana.html]
[2.wlimg.com/product_images/bc-small/2022/8/248524/watermark/tindora-1488356.jpg]
[2.wlimg.com/product_images/bc-full/2022/8/248524/watermark/grapes-1488347.jpg]
[www.essarexports.com/grapes.html]
[www.essarexports.com/enquiry-form-10019d2b0.html]
[2.wlimg.com/product_images/bc-full/2022/8/248524/watermark/pomegranate-1488348.jpg]
[www.essarexports.com/pomegranate.html]
[www.essarexports.com/enquiry-form-10019f3bf.html]
[www.essarexports.com/enquiry-form-10019f8a0.html]
[2.wlimg.com/product_images/bc-full/2022/8/248524/watermark/baby-corn-whole_p_1488357_271523.jpg]
[2.wlimg.com/product_images/bc-full/2022/8/248524/watermark/fine-beans_p_1488357_271524.jpg]
[www.essarexports.com/frozen-vegetables.html]
[2.wlimg.com/product_images/bc-full/2022/8/248524/watermark/potato-1488354.jpg]
[www.essarexports.com/potato.html]
[www.essarexports.com/enquiry-form-1001935f2.html]
[2.wlimg.com/product_images/bc-full/2022/8/248524/watermark/parwal-1488355.jpg]
[www.essarexports.com/parwal.html]
[www.essarexports.com/enquiry-form-10019de67.html]
[2.wlimg.com/product_images/bc-full/2022/8/248524/watermark/coconut-1488349.jpg]
[2.wlimg.com/product_images/bc-full/2022/8/248524/watermark/mango-1488351.jpg]
[www.essarexports.com/fresh-fruits.html]
[www.essarexports.com/enquiry-form-10019568c.html]
[2.wlimg.com/product_images/bc-full/2022/8/248524/watermark/image-01_p_1488351_271521.jpg]
[2.wlimg.com/product_images/bc-full/2022/8/248524/watermark/image-02_p_1488351_271522.jpg]
[www.essarexports.com/mango.html]
[2.wlimg.com/product_images/bc-full/2022/8/248524/watermark/red-onions-1488353.jpg]
[2.wlimg.com/product_images/bc-full/2022/8/248524/watermark/tindora-1488356.jpg]
[www.essarexports.com/fresh-vegetables.html]
[www.essarexports.com/enquiry-form-100190088.html]
[www.essarexports.com/red-onions.html]
[www.essarexports.com/tindora.html]
[www.essarexports.com/enquiry-form-100190c24.html]
[www.essarexports.com/leafy-vegetables.html]
[www.essarexports.com/enquiry-form-10019956d.html]
[www.googleadservices.com/pagead/f.txt]
[www.essarexports.com/thanks.html]
[www.essarexports.com/advantages-of-our-packaging.html]
[www.essarexports.com/testimonials.html]
[www.essarexports.com/sitemap.html]
[www.essarexports.com/products-2.html]
[catalog.wlimg.com/counters-img/black_format1_7.gif]
[catalog.wlimg.com/counters-img/black_format1_9.gif]
[catalog.wlimg.com/counters-img/black_format1_8.gif]
[catalog.wlimg.com/counters-img/black_format1_2.gif]
[www.essarexports.com/hitcounter/index54bc.html]
[cdnjs.cloudflare.com/ajax/libs/font-awesome/4.7.0/css/font-awesome.min.css]
[catalog.wlimg.com/templates-images/12446/12447/bx_loader.html]
[catalog.wlimg.com/templates-images/12446/12447/sprite-icon-cab.png]
[catalog.wlimg.com/templates-images/12446/12447/sitemap_hr.png]
[www.essarexports.com/enquiry-form-10019f0f9.html]
[2.wlimg.com/product_images/bc-full/2022/8/248524/watermark/green-coconut_p_1488349_271519.jpg]
[2.wlimg.com/product_images/bc-full/dir_9/248524/watermark/dry-coconut_p_1488349_271520.jpg]
[www.essarexports.com/coconut.html]
[maxcdn.bootstrapcdn.com/font-awesome/4.3.0/css/font-awesome.min.css]
[catalog.wlimg.com/flipbook/css/f-book.css]
[catalog.wlimg.com/flipbook/minicolors/minicolors.png]
[catalog.wlimg.com/flipbook/minicolors/minicolors.css]
[www.essarexports.com/flip-pdf-274.html]
[catalog.wlimg.com/main-common/magiczoomplus.css]
[www.essarexports.com/enquiry-form-10019e8a2.html]
[static.exportersindia.com/ei_images/flags.png]
[catalog.wlimg.com/main-common/intlTelInput.css]
[www.essarexports.com/enquiry-form-10019d2b0.html]
[www.essarexports.com/enquiry-form-10019f3bf.html]
[www.essarexports.com/enquiry-form-10019f8a0.html]
[www.essarexports.com/enquiry-form-1001935f2.html]
[www.essarexports.com/enquiry-form-10019de67.html]
[www.essarexports.com/enquiry-form-10019568c.html]
[www.essarexports.com/enquiry-form-100190088.html]
[www.essarexports.com/enquiry-form-100190c24.html]
[www.essarexports.com/enquiry-form-10019956d.html]
[catalog.wlimg.com/templates-images/12446/12447/sprite-icon-cab.png]
[www.essarexports.com/enquiry-form-10019f0f9.html]
[catalog.wlimg.com/flipbook/img/bg.a0.delayed]
[catalog.wlimg.com/flipbook/css/f-book.css]
[catalog.wlimg.com/flipbook/img/bg.html]
